// Jest Snapshot v1, https://goo.gl/fbAQLP

exports[`compile should contain standard transforms 1`] = `
"const _Vue = Vue
const _createVNode = Vue.createVNode

const _hoisted_1 = {}

return function render() {
  with (this) {
    const { createVNode: _createVNode, createBlock: _createBlock, Fragment: _Fragment, openBlock: _openBlock } = _Vue
    
    return (_openBlock(), _createBlock(_Fragment, null, [
      _createVNode(\\"div\\", { textContent: text }, null, 8 /* PROPS */, [\\"textContent\\"]),
      _createVNode(\\"div\\", { innerHTML: html }, null, 8 /* PROPS */, [\\"innerHTML\\"]),
      _createVNode(\\"div\\", null, \\"test\\"),
      _createVNode(\\"div\\", { style: _hoisted_1 }, \\"red\\"),
      _createVNode(\\"div\\", { style: {color: 'green'}}, null, 4 /* STYLE */)
    ]))
  }
}"
`;
